19:52:33 **** Incremental Build of configuration Debug for project pacman ****
make all 
'Building file: ../src/lw_usb/MAX3421E.c'
'Invoking: MicroBlaze gcc compiler'
mb-gcc -Wall -O0 -g3 -c -fmessage-length=0 -MT"src/lw_usb/MAX3421E.o" -IC:/Users/jacob/Documents/UIUC/ECE/ECE_385/Final_Project_V7/Pacman/SSDDKK/mb_usb_hdmi_top/export/mb_usb_hdmi_top/sw/mb_usb_hdmi_top/standalone_microblaze_0/bspinclude/include -mno-xl-reorder -mlittle-endian -mxl-barrel-shift -mxl-pattern-compare -mcpu=v11.0 -mno-xl-soft-mul -Wl,--no-relax -ffunction-sections -fdata-sections -MMD -MP -MF"src/lw_usb/MAX3421E.d" -MT"src/lw_usb/MAX3421E.o" -o "src/lw_usb/MAX3421E.o" "../src/lw_usb/MAX3421E.c"
In file included from C:/Users/jacob/Documents/UIUC/ECE/ECE_385/Final_Project_V7/Pacman/SSDDKK/mb_usb_hdmi_top/export/mb_usb_hdmi_top/sw/mb_usb_hdmi_top/standalone_microblaze_0/bspinclude/include/xspi.h:303,
                 from ../src/lw_usb/MAX3421E.c:41:
../src/lw_usb/MAX3421E.c: In function 'SPI_init':
C:/Users/jacob/Documents/UIUC/ECE/ECE_385/Final_Project_V7/Pacman/SSDDKK/mb_usb_hdmi_top/export/mb_usb_hdmi_top/sw/mb_usb_hdmi_top/standalone_microblaze_0/bspinclude/include/xstatus.h:44:41: warning: 'return' with a value, in function returning void [-Wreturn-type]
   44 | #define XST_DEVICE_NOT_FOUND            2L
      |                                         ^~
../src/lw_usb/MAX3421E.c:68:24: note: in expansion of macro 'XST_DEVICE_NOT_FOUND'
   68 |                 return XST_DEVICE_NOT_FOUND;
      |                        ^~~~~~~~~~~~~~~~~~~~
../src/lw_usb/MAX3421E.c:61:6: note: declared here
   61 | void SPI_init() {
      |      ^~~~~~~~
In file included from C:/Users/jacob/Documents/UIUC/ECE/ECE_385/Final_Project_V7/Pacman/SSDDKK/mb_usb_hdmi_top/export/mb_usb_hdmi_top/sw/mb_usb_hdmi_top/standalone_microblaze_0/bspinclude/include/xspi.h:303,
                 from ../src/lw_usb/MAX3421E.c:41:
C:/Users/jacob/Documents/UIUC/ECE/ECE_385/Final_Project_V7/Pacman/SSDDKK/mb_usb_hdmi_top/export/mb_usb_hdmi_top/sw/mb_usb_hdmi_top/standalone_microblaze_0/bspinclude/include/xstatus.h:43:41: warning: 'return' with a value, in function returning void [-Wreturn-type]
   43 | #define XST_FAILURE                     1L
      |                                         ^~
../src/lw_usb/MAX3421E.c:74:24: note: in expansion of macro 'XST_FAILURE'
   74 |                 return XST_FAILURE;
      |                        ^~~~~~~~~~~
../src/lw_usb/MAX3421E.c:61:6: note: declared here
   61 | void SPI_init() {
      |      ^~~~~~~~
../src/lw_usb/MAX3421E.c: In function 'MAX3421E_Task':
../src/lw_usb/MAX3421E.c:368:46: warning: suggest parentheses around comparison in operand of '&' [-Wparentheses]
  368 |         if (XGpio_DiscreteRead(&Gpio_int, 1) & 0x01 == 0) {
      |                                              ^
../src/lw_usb/MAX3421E.c: In function 'MaxGpxHandler':
../src/lw_usb/MAX3421E.c:404:14: warning: variable 'GPINIRQ' set but not used [-Wunused-but-set-variable]
  404 |         BYTE GPINIRQ;
      |              ^~~~~~~
'Finished building: ../src/lw_usb/MAX3421E.c'
' '
'Building file: ../src/lw_usb/transfer.c'
'Invoking: MicroBlaze gcc compiler'
mb-gcc -Wall -O0 -g3 -c -fmessage-length=0 -MT"src/lw_usb/transfer.o" -IC:/Users/jacob/Documents/UIUC/ECE/ECE_385/Final_Project_V7/Pacman/SSDDKK/mb_usb_hdmi_top/export/mb_usb_hdmi_top/sw/mb_usb_hdmi_top/standalone_microblaze_0/bspinclude/include -mno-xl-reorder -mlittle-endian -mxl-barrel-shift -mxl-pattern-compare -mcpu=v11.0 -mno-xl-soft-mul -Wl,--no-relax -ffunction-sections -fdata-sections -MMD -MP -MF"src/lw_usb/transfer.d" -MT"src/lw_usb/transfer.o" -o "src/lw_usb/transfer.o" "../src/lw_usb/transfer.c"
../src/lw_usb/transfer.c:13:1: warning: braces around scalar initializer
   13 | EP_RECORD dev0ep = {{ 0 }};         //Endpoint data structure for uninitialized device during enumeration
      | ^~~~~~~~~
../src/lw_usb/transfer.c:13:1: note: (near initialization for 'dev0ep.epAddr')
../src/lw_usb/transfer.c: In function 'XferInTransfer':
../src/lw_usb/transfer.c:199:7: warning: unused variable 'tmpbyte' [-Wunused-variable]
  199 |  BYTE tmpbyte;
      |       ^~~~~~~
../src/lw_usb/transfer.c:198:7: warning: unused variable 'i' [-Wunused-variable]
  198 |  BYTE i;
      |       ^
'Finished building: ../src/lw_usb/transfer.c'
' '
'Building file: ../src/helloworld.c'
'Invoking: MicroBlaze gcc compiler'
mb-gcc -Wall -O0 -g3 -c -fmessage-length=0 -MT"src/helloworld.o" -IC:/Users/jacob/Documents/UIUC/ECE/ECE_385/Final_Project_V7/Pacman/SSDDKK/mb_usb_hdmi_top/export/mb_usb_hdmi_top/sw/mb_usb_hdmi_top/standalone_microblaze_0/bspinclude/include -mno-xl-reorder -mlittle-endian -mxl-barrel-shift -mxl-pattern-compare -mcpu=v11.0 -mno-xl-soft-mul -Wl,--no-relax -ffunction-sections -fdata-sections -MMD -MP -MF"src/helloworld.d" -MT"src/helloworld.o" -o "src/helloworld.o" "../src/helloworld.c"
../src/helloworld.c: In function 'game_loop':
../src/helloworld.c:278:9: warning: implicit declaration of function 'align_pacman_center' [-Wimplicit-function-declaration]
  278 |         align_pacman_center(&pacman_x, &pacman_y, current_dir);
      |         ^~~~~~~~~~~~~~~~~~~
../src/helloworld.c:373:13: warning: implicit declaration of function 'sleep' [-Wimplicit-function-declaration]
  373 |             sleep(1);
      |             ^~~~~
../src/helloworld.c:383:17: warning: implicit declaration of function 'ghost_die' [-Wimplicit-function-declaration]
  383 |                 ghost_die(&red);
      |                 ^~~~~~~~~
../src/helloworld.c:428:13: warning: implicit declaration of function 'game_over' [-Wimplicit-function-declaration]
  428 |             game_over();
      |             ^~~~~~~~~
../src/helloworld.c:169:9: warning: unused variable 'desired_direction' [-Wunused-variable]
  169 |     int desired_direction = DIR_NONE;
      |         ^~~~~~~~~~~~~~~~~
../src/helloworld.c: At top level:
../src/helloworld.c:643:6: warning: conflicting types for 'ghost_die'; have 'void(Ghost *)'
  643 | void ghost_die(Ghost* ghost){
      |      ^~~~~~~~~
../src/helloworld.c:383:17: note: previous implicit declaration of 'ghost_die' with type 'void(Ghost *)'
  383 |                 ghost_die(&red);
      |                 ^~~~~~~~~
../src/helloworld.c:649:6: warning: conflicting types for 'game_over'; have 'void()'
  649 | void game_over(){
      |      ^~~~~~~~~
../src/helloworld.c:428:13: note: previous implicit declaration of 'game_over' with type 'void()'
  428 |             game_over();
      |             ^~~~~~~~~
../src/helloworld.c:665:6: warning: conflicting types for 'align_pacman_center'; have 'void(uint16_t *, uint16_t *, int)' {aka 'void(short unsigned int *, short unsigned int *, int)'}
  665 | void align_pacman_center(uint16_t* px, uint16_t* py, int dir) {
      |      ^~~~~~~~~~~~~~~~~~~
../src/helloworld.c:278:9: note: previous implicit declaration of 'align_pacman_center' with type 'void(uint16_t *, uint16_t *, int)' {aka 'void(short unsigned int *, short unsigned int *, int)'}
  278 |         align_pacman_center(&pacman_x, &pacman_y, current_dir);
      |         ^~~~~~~~~~~~~~~~~~~
'Finished building: ../src/helloworld.c'
' '
'Building file: ../src/platform.c'
'Invoking: MicroBlaze gcc compiler'
mb-gcc -Wall -O0 -g3 -c -fmessage-length=0 -MT"src/platform.o" -IC:/Users/jacob/Documents/UIUC/ECE/ECE_385/Final_Project_V7/Pacman/SSDDKK/mb_usb_hdmi_top/export/mb_usb_hdmi_top/sw/mb_usb_hdmi_top/standalone_microblaze_0/bspinclude/include -mno-xl-reorder -mlittle-endian -mxl-barrel-shift -mxl-pattern-compare -mcpu=v11.0 -mno-xl-soft-mul -Wl,--no-relax -ffunction-sections -fdata-sections -MMD -MP -MF"src/platform.d" -MT"src/platform.o" -o "src/platform.o" "../src/platform.c"
'Finished building: ../src/platform.c'
' '
'Building target: pacman.elf'
'Invoking: MicroBlaze gcc linker'
mb-gcc -Wl,-T -Wl,../src/lscript.ld -LC:/Users/jacob/Documents/UIUC/ECE/ECE_385/Final_Project_V7/Pacman/SSDDKK/mb_usb_hdmi_top/export/mb_usb_hdmi_top/sw/mb_usb_hdmi_top/standalone_microblaze_0/bsplib/lib -mlittle-endian -mxl-barrel-shift -mxl-pattern-compare -mcpu=v11.0 -mno-xl-soft-mul -Wl,--no-relax -Wl,--gc-sections -o "pacman.elf"  ./src/lw_usb/HID.o ./src/lw_usb/MAX3421E.o ./src/lw_usb/transfer.o  ./src/ghosts.o ./src/helloworld.o ./src/platform.o ./src/tilemap.o   -Wl,--start-group,-lxil,-lgcc,-lc,--end-group
'Finished building target: pacman.elf'
' '
'Invoking: MicroBlaze Print Size'
mb-size pacman.elf  |tee "pacman.elf.size"
   text	   data	    bss	    dec	    hex	filename
  35548	   1500	   7696	  44744	   aec8	pacman.elf
'Finished building: pacman.elf.size'
' '

19:52:36 Build Finished (took 3s.421ms)

